This is a test file created by Tiny Node.js